NullabilityWarningsTest.java:23:21: compiler.warn.unchecked.nullness.conversion
NullabilityWarningsTest.java:30:19: compiler.warn.unchecked.nullness.conversion
NullabilityWarningsTest.java:31:22: compiler.warn.unchecked.nullness.conversion
NullabilityWarningsTest.java:40:20: compiler.warn.unchecked.nullness.conversion
NullabilityWarningsTest.java:48:23: compiler.warn.unchecked.nullness.conversion
- compiler.err.warnings.and.werror
- compiler.note.preview.filename: NullabilityWarningsTest.java, DEFAULT
- compiler.note.preview.recompile
1 error
5 warnings
